...FF..........                                                          [100%]
=================================== FAILURES ===================================
________________ test_switch_output_matches_dense_reference[1] _________________

tmp_path = PosixPath('/private/var/folders/rp/c6zjx06j18vgfrf_fjzt517m0000gn/T/pytest-of-davidtai/pytest-38/test_switch_output_matches_den0')
layer = 1

    @pytest.mark.parametrize("layer", ROUTED_LAYERS)
    def test_switch_output_matches_dense_reference(tmp_path: Path, layer: int) -> None:
        root, _cfg, spec, manifest_path, _mm = _assemble_mixed_artifact(tmp_path)
        runtime = _open_mixed(root, spec, manifest_path)
        manifest = load_expert_manifest(manifest_path)
        try:
            switch = HotExpertSwitchGLU(runtime, layer)
            rng = np.random.default_rng(layer * 17)
            x = mx.array(rng.standard_normal((1, 1, HIDDEN)).astype(np.float32))
            expert = 1
            output = switch(x, mx.array([[[expert]]], dtype=mx.uint32))
            mx.eval(output)
    
            dense = _decode_reference(manifest, root, layer, expert)
            xr = mx.array(np.asarray(x).reshape(1, HIDDEN))
            gate = mx.matmul(xr, mx.array(dense["gate_proj"]).T)
            up = mx.matmul(xr, mx.array(dense["up_proj"]).T)
            reference = mx.matmul(swiglu(gate, up), mx.array(dense["down_proj"]).T)
            mx.eval(reference)
    
            got = np.asarray(output).reshape(-1)
            ref = np.asarray(reference).reshape(-1)
>           np.testing.assert_allclose(got, ref, rtol=3e-3, atol=3e-3)
E           AssertionError: 
E           Not equal to tolerance rtol=0.003, atol=0.003
E           
E           Mismatched elements: 2 / 64 (3.12%)
E           Mismatch at indices:
E            [21]: -149.0970458984375 (ACTUAL), -149.6326904296875 (DESIRED)
E            [22]: -3.4503936767578125 (ACTUAL), -3.4055709838867188 (DESIRED)
E           Max absolute difference among violations: 0.53564453
E           Max relative difference among violations: 0.01316158
E            ACTUAL: array([-377.27405 ,  368.68237 , -342.64703 ,  342.7817  ,  218.01494 ,
E                   399.40292 , -164.11163 , -260.59756 , -474.25647 ,  180.5178  ,
E                  -175.87689 , -181.8677  ,   38.65659 , -523.1194  ,  251.18388 ,...
E            DESIRED: array([-377.27405 ,  369.02475 , -342.64716 ,  342.78186 ,  218.01515 ,
E                   399.4029  , -164.15927 , -260.75272 , -474.553   ,  180.51883 ,
E                  -175.92374 , -181.83447 ,   38.671585, -523.1194  ,  251.18398 ,...

tests/test_expert_mixofficial_serve.py:382: AssertionError
________________ test_switch_output_matches_dense_reference[2] _________________

tmp_path = PosixPath('/private/var/folders/rp/c6zjx06j18vgfrf_fjzt517m0000gn/T/pytest-of-davidtai/pytest-38/test_switch_output_matches_den1')
layer = 2

    @pytest.mark.parametrize("layer", ROUTED_LAYERS)
    def test_switch_output_matches_dense_reference(tmp_path: Path, layer: int) -> None:
        root, _cfg, spec, manifest_path, _mm = _assemble_mixed_artifact(tmp_path)
        runtime = _open_mixed(root, spec, manifest_path)
        manifest = load_expert_manifest(manifest_path)
        try:
            switch = HotExpertSwitchGLU(runtime, layer)
            rng = np.random.default_rng(layer * 17)
            x = mx.array(rng.standard_normal((1, 1, HIDDEN)).astype(np.float32))
            expert = 1
            output = switch(x, mx.array([[[expert]]], dtype=mx.uint32))
            mx.eval(output)
    
            dense = _decode_reference(manifest, root, layer, expert)
            xr = mx.array(np.asarray(x).reshape(1, HIDDEN))
            gate = mx.matmul(xr, mx.array(dense["gate_proj"]).T)
            up = mx.matmul(xr, mx.array(dense["up_proj"]).T)
            reference = mx.matmul(swiglu(gate, up), mx.array(dense["down_proj"]).T)
            mx.eval(reference)
    
            got = np.asarray(output).reshape(-1)
            ref = np.asarray(reference).reshape(-1)
>           np.testing.assert_allclose(got, ref, rtol=3e-3, atol=3e-3)
E           AssertionError: 
E           Not equal to tolerance rtol=0.003, atol=0.003
E           
E           Mismatched elements: 2 / 64 (3.12%)
E           Mismatch at indices:
E            [7]: 97.6187973022461 (ACTUAL), 97.2343521118164 (DESIRED)
E            [11]: -23.894821166992188 (ACTUAL), -24.05893325805664 (DESIRED)
E           Max absolute difference among violations: 0.3844452
E           Max relative difference among violations: 0.00682125
E            ACTUAL: array([ -30.19072 ,  230.42728 ,  357.61896 ,  230.06096 ,  338.41367 ,
E                   461.69275 , -333.98682 ,   97.6188  ,  364.93402 , -294.7252  ,
E                   295.01843 ,  -23.894821, -122.28943 ,  376.36694 , -269.62527 ,...
E            DESIRED: array([ -30.190598,  230.42722 ,  357.6189  ,  229.96469 ,  338.22406 ,
E                   461.7099  , -333.9867  ,   97.23435 ,  364.93396 , -294.55157 ,
E                   295.01843 ,  -24.058933, -122.289375,  377.25943 , -269.62527 ,...

tests/test_expert_mixofficial_serve.py:382: AssertionError
=============================== warnings summary ===============================
<frozen importlib._bootstrap>:488
  <frozen importlib._bootstrap>:488: DeprecationWarning: builtin type SwigPyPacked has no __module__ attribute

<frozen importlib._bootstrap>:488
  <frozen importlib._bootstrap>:488: DeprecationWarning: builtin type SwigPyObject has no __module__ attribute

-- Docs: https://docs.pytest.org/en/stable/how-to/capture-warnings.html
=========================== short test summary info ============================
FAILED tests/test_expert_mixofficial_serve.py::test_switch_output_matches_dense_reference[1]
FAILED tests/test_expert_mixofficial_serve.py::test_switch_output_matches_dense_reference[2]
2 failed, 13 passed, 2 warnings in 1.03s
sys:1: DeprecationWarning: builtin type swigvarlink has no __module__ attribute
