FFFFFFFFFFFFFFF                                                          [100%]
=================================== FAILURES ===================================
_______________ test_unified_manifest_carries_the_tier_schedule ________________

tmp_path = PosixPath('/private/var/folders/rp/c6zjx06j18vgfrf_fjzt517m0000gn/T/pytest-of-davidtai/pytest-36/test_unified_manifest_carries_0')

    def test_unified_manifest_carries_the_tier_schedule(tmp_path: Path) -> None:
>       _root, _cfg, spec, manifest_path, _mm = _assemble_mixed_artifact(tmp_path)
                                                ^^^^^^^^^^^^^^^^^^^^^^^^^^^^^^^^^^

tests/test_expert_mixofficial_serve.py:254: 
_ _ _ _ _ _ _ _ _ _ _ _ _ _ _ _ _ _ _ _ _ _ _ _ _ _ _ _ _ _ _ _ _ _ _ _ _ _ _ _ 
tests/test_expert_mixofficial_serve.py:177: in _assemble_mixed_artifact
    manifest = build_mixed_official_manifest(root, mixed_manifest, spec)
               ^^^^^^^^^^^^^^^^^^^^^^^^^^^^^^^^^^^^^^^^^^^^^^^^^^^^^^^^^
mtplx/expert_manifest.py:1706: in build_mixed_official_manifest
    layer_tier_map = _parse_mixed_layer_tier_map(quant["layer_tier_map"])
                     ^^^^^^^^^^^^^^^^^^^^^^^^^^^^^^^^^^^^^^^^^^^^^^^^^^^^
mtplx/expert_manifest.py:637: in _parse_mixed_layer_tier_map
    layer = _integer(key, label="layer_tier_map layer")
            ^^^^^^^^^^^^^^^^^^^^^^^^^^^^^^^^^^^^^^^^^^^
_ _ _ _ _ _ _ _ _ _ _ _ _ _ _ _ _ _ _ _ _ _ _ _ _ _ _ _ _ _ _ _ _ _ _ _ _ _ _ _ 

value = '1'

    def _integer(value: Any, *, label: str, minimum: int = 0) -> int:
        if isinstance(value, bool) or not isinstance(value, int):
>           raise ExpertManifestError(f"{label} must be an exact integer")
E           mtplx.expert_manifest.ExpertManifestError: layer_tier_map layer must be an exact integer

mtplx/expert_manifest.py:186: ExpertManifestError
__________ test_t158_layer_dispatches_shadow_gate_up_and_affine3_down __________

tmp_path = PosixPath('/private/var/folders/rp/c6zjx06j18vgfrf_fjzt517m0000gn/T/pytest-of-davidtai/pytest-36/test_t158_layer_dispatches_sha0')
monkeypatch = <_pytest.monkeypatch.MonkeyPatch object at 0x112efd4c0>

    def test_t158_layer_dispatches_shadow_gate_up_and_affine3_down(
        tmp_path: Path, monkeypatch
    ) -> None:
>       root, _cfg, spec, manifest_path, _mm = _assemble_mixed_artifact(tmp_path)
                                               ^^^^^^^^^^^^^^^^^^^^^^^^^^^^^^^^^^

tests/test_expert_mixofficial_serve.py:312: 
_ _ _ _ _ _ _ _ _ _ _ _ _ _ _ _ _ _ _ _ _ _ _ _ _ _ _ _ _ _ _ _ _ _ _ _ _ _ _ _ 
tests/test_expert_mixofficial_serve.py:177: in _assemble_mixed_artifact
    manifest = build_mixed_official_manifest(root, mixed_manifest, spec)
               ^^^^^^^^^^^^^^^^^^^^^^^^^^^^^^^^^^^^^^^^^^^^^^^^^^^^^^^^^
mtplx/expert_manifest.py:1706: in build_mixed_official_manifest
    layer_tier_map = _parse_mixed_layer_tier_map(quant["layer_tier_map"])
                     ^^^^^^^^^^^^^^^^^^^^^^^^^^^^^^^^^^^^^^^^^^^^^^^^^^^^
mtplx/expert_manifest.py:637: in _parse_mixed_layer_tier_map
    layer = _integer(key, label="layer_tier_map layer")
            ^^^^^^^^^^^^^^^^^^^^^^^^^^^^^^^^^^^^^^^^^^^
_ _ _ _ _ _ _ _ _ _ _ _ _ _ _ _ _ _ _ _ _ _ _ _ _ _ _ _ _ _ _ _ _ _ _ _ _ _ _ _ 

value = '1'

    def _integer(value: Any, *, label: str, minimum: int = 0) -> int:
        if isinstance(value, bool) or not isinstance(value, int):
>           raise ExpertManifestError(f"{label} must be an exact integer")
E           mtplx.expert_manifest.ExpertManifestError: layer_tier_map layer must be an exact integer

mtplx/expert_manifest.py:186: ExpertManifestError
________ test_affine2_layer_dispatches_affine2_gate_up_and_affine3_down ________

tmp_path = PosixPath('/private/var/folders/rp/c6zjx06j18vgfrf_fjzt517m0000gn/T/pytest-of-davidtai/pytest-36/test_affine2_layer_dispatches_0')
monkeypatch = <_pytest.monkeypatch.MonkeyPatch object at 0x112efa720>

    def test_affine2_layer_dispatches_affine2_gate_up_and_affine3_down(
        tmp_path: Path, monkeypatch
    ) -> None:
>       root, _cfg, spec, manifest_path, _mm = _assemble_mixed_artifact(tmp_path)
                                               ^^^^^^^^^^^^^^^^^^^^^^^^^^^^^^^^^^

tests/test_expert_mixofficial_serve.py:334: 
_ _ _ _ _ _ _ _ _ _ _ _ _ _ _ _ _ _ _ _ _ _ _ _ _ _ _ _ _ _ _ _ _ _ _ _ _ _ _ _ 
tests/test_expert_mixofficial_serve.py:177: in _assemble_mixed_artifact
    manifest = build_mixed_official_manifest(root, mixed_manifest, spec)
               ^^^^^^^^^^^^^^^^^^^^^^^^^^^^^^^^^^^^^^^^^^^^^^^^^^^^^^^^^
mtplx/expert_manifest.py:1706: in build_mixed_official_manifest
    layer_tier_map = _parse_mixed_layer_tier_map(quant["layer_tier_map"])
                     ^^^^^^^^^^^^^^^^^^^^^^^^^^^^^^^^^^^^^^^^^^^^^^^^^^^^
mtplx/expert_manifest.py:637: in _parse_mixed_layer_tier_map
    layer = _integer(key, label="layer_tier_map layer")
            ^^^^^^^^^^^^^^^^^^^^^^^^^^^^^^^^^^^^^^^^^^^
_ _ _ _ _ _ _ _ _ _ _ _ _ _ _ _ _ _ _ _ _ _ _ _ _ _ _ _ _ _ _ _ _ _ _ _ _ _ _ _ 

value = '1'

    def _integer(value: Any, *, label: str, minimum: int = 0) -> int:
        if isinstance(value, bool) or not isinstance(value, int):
>           raise ExpertManifestError(f"{label} must be an exact integer")
E           mtplx.expert_manifest.ExpertManifestError: layer_tier_map layer must be an exact integer

mtplx/expert_manifest.py:186: ExpertManifestError
________________ test_switch_output_matches_dense_reference[1] _________________

tmp_path = PosixPath('/private/var/folders/rp/c6zjx06j18vgfrf_fjzt517m0000gn/T/pytest-of-davidtai/pytest-36/test_switch_output_matches_den0')
layer = 1

    @pytest.mark.parametrize("layer", ROUTED_LAYERS)
    def test_switch_output_matches_dense_reference(tmp_path: Path, layer: int) -> None:
>       root, _cfg, spec, manifest_path, _mm = _assemble_mixed_artifact(tmp_path)
                                               ^^^^^^^^^^^^^^^^^^^^^^^^^^^^^^^^^^

tests/test_expert_mixofficial_serve.py:357: 
_ _ _ _ _ _ _ _ _ _ _ _ _ _ _ _ _ _ _ _ _ _ _ _ _ _ _ _ _ _ _ _ _ _ _ _ _ _ _ _ 
tests/test_expert_mixofficial_serve.py:177: in _assemble_mixed_artifact
    manifest = build_mixed_official_manifest(root, mixed_manifest, spec)
               ^^^^^^^^^^^^^^^^^^^^^^^^^^^^^^^^^^^^^^^^^^^^^^^^^^^^^^^^^
mtplx/expert_manifest.py:1706: in build_mixed_official_manifest
    layer_tier_map = _parse_mixed_layer_tier_map(quant["layer_tier_map"])
                     ^^^^^^^^^^^^^^^^^^^^^^^^^^^^^^^^^^^^^^^^^^^^^^^^^^^^
mtplx/expert_manifest.py:637: in _parse_mixed_layer_tier_map
    layer = _integer(key, label="layer_tier_map layer")
            ^^^^^^^^^^^^^^^^^^^^^^^^^^^^^^^^^^^^^^^^^^^
_ _ _ _ _ _ _ _ _ _ _ _ _ _ _ _ _ _ _ _ _ _ _ _ _ _ _ _ _ _ _ _ _ _ _ _ _ _ _ _ 

value = '1'

    def _integer(value: Any, *, label: str, minimum: int = 0) -> int:
        if isinstance(value, bool) or not isinstance(value, int):
>           raise ExpertManifestError(f"{label} must be an exact integer")
E           mtplx.expert_manifest.ExpertManifestError: layer_tier_map layer must be an exact integer

mtplx/expert_manifest.py:186: ExpertManifestError
________________ test_switch_output_matches_dense_reference[2] _________________

tmp_path = PosixPath('/private/var/folders/rp/c6zjx06j18vgfrf_fjzt517m0000gn/T/pytest-of-davidtai/pytest-36/test_switch_output_matches_den1')
layer = 2

    @pytest.mark.parametrize("layer", ROUTED_LAYERS)
    def test_switch_output_matches_dense_reference(tmp_path: Path, layer: int) -> None:
>       root, _cfg, spec, manifest_path, _mm = _assemble_mixed_artifact(tmp_path)
                                               ^^^^^^^^^^^^^^^^^^^^^^^^^^^^^^^^^^

tests/test_expert_mixofficial_serve.py:357: 
_ _ _ _ _ _ _ _ _ _ _ _ _ _ _ _ _ _ _ _ _ _ _ _ _ _ _ _ _ _ _ _ _ _ _ _ _ _ _ _ 
tests/test_expert_mixofficial_serve.py:177: in _assemble_mixed_artifact
    manifest = build_mixed_official_manifest(root, mixed_manifest, spec)
               ^^^^^^^^^^^^^^^^^^^^^^^^^^^^^^^^^^^^^^^^^^^^^^^^^^^^^^^^^
mtplx/expert_manifest.py:1706: in build_mixed_official_manifest
    layer_tier_map = _parse_mixed_layer_tier_map(quant["layer_tier_map"])
                     ^^^^^^^^^^^^^^^^^^^^^^^^^^^^^^^^^^^^^^^^^^^^^^^^^^^^
mtplx/expert_manifest.py:637: in _parse_mixed_layer_tier_map
    layer = _integer(key, label="layer_tier_map layer")
            ^^^^^^^^^^^^^^^^^^^^^^^^^^^^^^^^^^^^^^^^^^^
_ _ _ _ _ _ _ _ _ _ _ _ _ _ _ _ _ _ _ _ _ _ _ _ _ _ _ _ _ _ _ _ _ _ _ _ _ _ _ _ 

value = '1'

    def _integer(value: Any, *, label: str, minimum: int = 0) -> int:
        if isinstance(value, bool) or not isinstance(value, int):
>           raise ExpertManifestError(f"{label} must be an exact integer")
E           mtplx.expert_manifest.ExpertManifestError: layer_tier_map layer must be an exact integer

mtplx/expert_manifest.py:186: ExpertManifestError
____________________ test_full_forward_exercises_both_tiers ____________________

tmp_path = PosixPath('/private/var/folders/rp/c6zjx06j18vgfrf_fjzt517m0000gn/T/pytest-of-davidtai/pytest-36/test_full_forward_exercises_bo0')
monkeypatch = <_pytest.monkeypatch.MonkeyPatch object at 0x113320d70>

    def test_full_forward_exercises_both_tiers(tmp_path: Path, monkeypatch) -> None:
>       root, config_json, spec, manifest_path, _mm = _assemble_mixed_artifact(tmp_path)
                                                      ^^^^^^^^^^^^^^^^^^^^^^^^^^^^^^^^^^

tests/test_expert_mixofficial_serve.py:386: 
_ _ _ _ _ _ _ _ _ _ _ _ _ _ _ _ _ _ _ _ _ _ _ _ _ _ _ _ _ _ _ _ _ _ _ _ _ _ _ _ 
tests/test_expert_mixofficial_serve.py:177: in _assemble_mixed_artifact
    manifest = build_mixed_official_manifest(root, mixed_manifest, spec)
               ^^^^^^^^^^^^^^^^^^^^^^^^^^^^^^^^^^^^^^^^^^^^^^^^^^^^^^^^^
mtplx/expert_manifest.py:1706: in build_mixed_official_manifest
    layer_tier_map = _parse_mixed_layer_tier_map(quant["layer_tier_map"])
                     ^^^^^^^^^^^^^^^^^^^^^^^^^^^^^^^^^^^^^^^^^^^^^^^^^^^^
mtplx/expert_manifest.py:637: in _parse_mixed_layer_tier_map
    layer = _integer(key, label="layer_tier_map layer")
            ^^^^^^^^^^^^^^^^^^^^^^^^^^^^^^^^^^^^^^^^^^^
_ _ _ _ _ _ _ _ _ _ _ _ _ _ _ _ _ _ _ _ _ _ _ _ _ _ _ _ _ _ _ _ _ _ _ _ _ _ _ _ 

value = '1'

    def _integer(value: Any, *, label: str, minimum: int = 0) -> int:
        if isinstance(value, bool) or not isinstance(value, int):
>           raise ExpertManifestError(f"{label} must be an exact integer")
E           mtplx.expert_manifest.ExpertManifestError: layer_tier_map layer must be an exact integer

mtplx/expert_manifest.py:186: ExpertManifestError
___________________ test_memory_plan_prices_two_record_sizes ___________________

tmp_path = PosixPath('/private/var/folders/rp/c6zjx06j18vgfrf_fjzt517m0000gn/T/pytest-of-davidtai/pytest-36/test_memory_plan_prices_two_re0')

    def test_memory_plan_prices_two_record_sizes(tmp_path: Path) -> None:
>       _root, _cfg, spec, manifest_path, _mm = _assemble_mixed_artifact(tmp_path)
                                                ^^^^^^^^^^^^^^^^^^^^^^^^^^^^^^^^^^

tests/test_expert_mixofficial_serve.py:411: 
_ _ _ _ _ _ _ _ _ _ _ _ _ _ _ _ _ _ _ _ _ _ _ _ _ _ _ _ _ _ _ _ _ _ _ _ _ _ _ _ 
tests/test_expert_mixofficial_serve.py:177: in _assemble_mixed_artifact
    manifest = build_mixed_official_manifest(root, mixed_manifest, spec)
               ^^^^^^^^^^^^^^^^^^^^^^^^^^^^^^^^^^^^^^^^^^^^^^^^^^^^^^^^^
mtplx/expert_manifest.py:1706: in build_mixed_official_manifest
    layer_tier_map = _parse_mixed_layer_tier_map(quant["layer_tier_map"])
                     ^^^^^^^^^^^^^^^^^^^^^^^^^^^^^^^^^^^^^^^^^^^^^^^^^^^^
mtplx/expert_manifest.py:637: in _parse_mixed_layer_tier_map
    layer = _integer(key, label="layer_tier_map layer")
            ^^^^^^^^^^^^^^^^^^^^^^^^^^^^^^^^^^^^^^^^^^^
_ _ _ _ _ _ _ _ _ _ _ _ _ _ _ _ _ _ _ _ _ _ _ _ _ _ _ _ _ _ _ _ _ _ _ _ _ _ _ _ 

value = '1'

    def _integer(value: Any, *, label: str, minimum: int = 0) -> int:
        if isinstance(value, bool) or not isinstance(value, int):
>           raise ExpertManifestError(f"{label} must be an exact integer")
E           mtplx.expert_manifest.ExpertManifestError: layer_tier_map layer must be an exact integer

mtplx/expert_manifest.py:186: ExpertManifestError
________________ test_expert_record_bytes_raises_for_mixed_spec ________________

tmp_path = PosixPath('/private/var/folders/rp/c6zjx06j18vgfrf_fjzt517m0000gn/T/pytest-of-davidtai/pytest-36/test_expert_record_bytes_raise0')

    def test_expert_record_bytes_raises_for_mixed_spec(tmp_path: Path) -> None:
>       _root, _cfg, spec, _manifest_path, _mm = _assemble_mixed_artifact(tmp_path)
                                                 ^^^^^^^^^^^^^^^^^^^^^^^^^^^^^^^^^^

tests/test_expert_mixofficial_serve.py:448: 
_ _ _ _ _ _ _ _ _ _ _ _ _ _ _ _ _ _ _ _ _ _ _ _ _ _ _ _ _ _ _ _ _ _ _ _ _ _ _ _ 
tests/test_expert_mixofficial_serve.py:177: in _assemble_mixed_artifact
    manifest = build_mixed_official_manifest(root, mixed_manifest, spec)
               ^^^^^^^^^^^^^^^^^^^^^^^^^^^^^^^^^^^^^^^^^^^^^^^^^^^^^^^^^
mtplx/expert_manifest.py:1706: in build_mixed_official_manifest
    layer_tier_map = _parse_mixed_layer_tier_map(quant["layer_tier_map"])
                     ^^^^^^^^^^^^^^^^^^^^^^^^^^^^^^^^^^^^^^^^^^^^^^^^^^^^
mtplx/expert_manifest.py:637: in _parse_mixed_layer_tier_map
    layer = _integer(key, label="layer_tier_map layer")
            ^^^^^^^^^^^^^^^^^^^^^^^^^^^^^^^^^^^^^^^^^^^
_ _ _ _ _ _ _ _ _ _ _ _ _ _ _ _ _ _ _ _ _ _ _ _ _ _ _ _ _ _ _ _ _ _ _ _ _ _ _ _ 

value = '1'

    def _integer(value: Any, *, label: str, minimum: int = 0) -> int:
        if isinstance(value, bool) or not isinstance(value, int):
>           raise ExpertManifestError(f"{label} must be an exact integer")
E           mtplx.expert_manifest.ExpertManifestError: layer_tier_map layer must be an exact integer

mtplx/expert_manifest.py:186: ExpertManifestError
________ test_forbidden_lanes_are_rejected[overrides0-component-banks] _________

tmp_path = PosixPath('/private/var/folders/rp/c6zjx06j18vgfrf_fjzt517m0000gn/T/pytest-of-davidtai/pytest-36/test_forbidden_lanes_are_rejec0')
overrides = {'slot_layout': 'direct-slots'}, match = 'component-banks'

    @pytest.mark.parametrize(
        "overrides, match",
        [
            ({"slot_layout": "direct-slots"}, "component-banks"),
            (
                {
                    "slot_layout": "metal-mmap",
                    "verify_sidecar_hash_at_open": True,
                    "prefer_sidecar": True,
                },
                "component-banks",
            ),
            ({"miss_shadow": "t158"}, "shadow"),
            ({"island_layers": (1,)}, "island"),
            ({"prefetch_slots": 1}, "prefetch"),
            ({"cache_scope": "global"}, "cache_scope"),
        ],
    )
    def test_forbidden_lanes_are_rejected(tmp_path: Path, overrides, match) -> None:
>       root, _cfg, spec, manifest_path, _mm = _assemble_mixed_artifact(tmp_path)
                                               ^^^^^^^^^^^^^^^^^^^^^^^^^^^^^^^^^^

tests/test_expert_mixofficial_serve.py:475: 
_ _ _ _ _ _ _ _ _ _ _ _ _ _ _ _ _ _ _ _ _ _ _ _ _ _ _ _ _ _ _ _ _ _ _ _ _ _ _ _ 
tests/test_expert_mixofficial_serve.py:177: in _assemble_mixed_artifact
    manifest = build_mixed_official_manifest(root, mixed_manifest, spec)
               ^^^^^^^^^^^^^^^^^^^^^^^^^^^^^^^^^^^^^^^^^^^^^^^^^^^^^^^^^
mtplx/expert_manifest.py:1706: in build_mixed_official_manifest
    layer_tier_map = _parse_mixed_layer_tier_map(quant["layer_tier_map"])
                     ^^^^^^^^^^^^^^^^^^^^^^^^^^^^^^^^^^^^^^^^^^^^^^^^^^^^
mtplx/expert_manifest.py:637: in _parse_mixed_layer_tier_map
    layer = _integer(key, label="layer_tier_map layer")
            ^^^^^^^^^^^^^^^^^^^^^^^^^^^^^^^^^^^^^^^^^^^
_ _ _ _ _ _ _ _ _ _ _ _ _ _ _ _ _ _ _ _ _ _ _ _ _ _ _ _ _ _ _ _ _ _ _ _ _ _ _ _ 

value = '1'

    def _integer(value: Any, *, label: str, minimum: int = 0) -> int:
        if isinstance(value, bool) or not isinstance(value, int):
>           raise ExpertManifestError(f"{label} must be an exact integer")
E           mtplx.expert_manifest.ExpertManifestError: layer_tier_map layer must be an exact integer

mtplx/expert_manifest.py:186: ExpertManifestError
________ test_forbidden_lanes_are_rejected[overrides1-component-banks] _________

tmp_path = PosixPath('/private/var/folders/rp/c6zjx06j18vgfrf_fjzt517m0000gn/T/pytest-of-davidtai/pytest-36/test_forbidden_lanes_are_rejec1')
overrides = {'prefer_sidecar': True, 'slot_layout': 'metal-mmap', 'verify_sidecar_hash_at_open': True}
match = 'component-banks'

    @pytest.mark.parametrize(
        "overrides, match",
        [
            ({"slot_layout": "direct-slots"}, "component-banks"),
            (
                {
                    "slot_layout": "metal-mmap",
                    "verify_sidecar_hash_at_open": True,
                    "prefer_sidecar": True,
                },
                "component-banks",
            ),
            ({"miss_shadow": "t158"}, "shadow"),
            ({"island_layers": (1,)}, "island"),
            ({"prefetch_slots": 1}, "prefetch"),
            ({"cache_scope": "global"}, "cache_scope"),
        ],
    )
    def test_forbidden_lanes_are_rejected(tmp_path: Path, overrides, match) -> None:
>       root, _cfg, spec, manifest_path, _mm = _assemble_mixed_artifact(tmp_path)
                                               ^^^^^^^^^^^^^^^^^^^^^^^^^^^^^^^^^^

tests/test_expert_mixofficial_serve.py:475: 
_ _ _ _ _ _ _ _ _ _ _ _ _ _ _ _ _ _ _ _ _ _ _ _ _ _ _ _ _ _ _ _ _ _ _ _ _ _ _ _ 
tests/test_expert_mixofficial_serve.py:177: in _assemble_mixed_artifact
    manifest = build_mixed_official_manifest(root, mixed_manifest, spec)
               ^^^^^^^^^^^^^^^^^^^^^^^^^^^^^^^^^^^^^^^^^^^^^^^^^^^^^^^^^
mtplx/expert_manifest.py:1706: in build_mixed_official_manifest
    layer_tier_map = _parse_mixed_layer_tier_map(quant["layer_tier_map"])
                     ^^^^^^^^^^^^^^^^^^^^^^^^^^^^^^^^^^^^^^^^^^^^^^^^^^^^
mtplx/expert_manifest.py:637: in _parse_mixed_layer_tier_map
    layer = _integer(key, label="layer_tier_map layer")
            ^^^^^^^^^^^^^^^^^^^^^^^^^^^^^^^^^^^^^^^^^^^
_ _ _ _ _ _ _ _ _ _ _ _ _ _ _ _ _ _ _ _ _ _ _ _ _ _ _ _ _ _ _ _ _ _ _ _ _ _ _ _ 

value = '1'

    def _integer(value: Any, *, label: str, minimum: int = 0) -> int:
        if isinstance(value, bool) or not isinstance(value, int):
>           raise ExpertManifestError(f"{label} must be an exact integer")
E           mtplx.expert_manifest.ExpertManifestError: layer_tier_map layer must be an exact integer

mtplx/expert_manifest.py:186: ExpertManifestError
_____________ test_forbidden_lanes_are_rejected[overrides2-shadow] _____________

tmp_path = PosixPath('/private/var/folders/rp/c6zjx06j18vgfrf_fjzt517m0000gn/T/pytest-of-davidtai/pytest-36/test_forbidden_lanes_are_rejec2')
overrides = {'miss_shadow': 't158'}, match = 'shadow'

    @pytest.mark.parametrize(
        "overrides, match",
        [
            ({"slot_layout": "direct-slots"}, "component-banks"),
            (
                {
                    "slot_layout": "metal-mmap",
                    "verify_sidecar_hash_at_open": True,
                    "prefer_sidecar": True,
                },
                "component-banks",
            ),
            ({"miss_shadow": "t158"}, "shadow"),
            ({"island_layers": (1,)}, "island"),
            ({"prefetch_slots": 1}, "prefetch"),
            ({"cache_scope": "global"}, "cache_scope"),
        ],
    )
    def test_forbidden_lanes_are_rejected(tmp_path: Path, overrides, match) -> None:
>       root, _cfg, spec, manifest_path, _mm = _assemble_mixed_artifact(tmp_path)
                                               ^^^^^^^^^^^^^^^^^^^^^^^^^^^^^^^^^^

tests/test_expert_mixofficial_serve.py:475: 
_ _ _ _ _ _ _ _ _ _ _ _ _ _ _ _ _ _ _ _ _ _ _ _ _ _ _ _ _ _ _ _ _ _ _ _ _ _ _ _ 
tests/test_expert_mixofficial_serve.py:177: in _assemble_mixed_artifact
    manifest = build_mixed_official_manifest(root, mixed_manifest, spec)
               ^^^^^^^^^^^^^^^^^^^^^^^^^^^^^^^^^^^^^^^^^^^^^^^^^^^^^^^^^
mtplx/expert_manifest.py:1706: in build_mixed_official_manifest
    layer_tier_map = _parse_mixed_layer_tier_map(quant["layer_tier_map"])
                     ^^^^^^^^^^^^^^^^^^^^^^^^^^^^^^^^^^^^^^^^^^^^^^^^^^^^
mtplx/expert_manifest.py:637: in _parse_mixed_layer_tier_map
    layer = _integer(key, label="layer_tier_map layer")
            ^^^^^^^^^^^^^^^^^^^^^^^^^^^^^^^^^^^^^^^^^^^
_ _ _ _ _ _ _ _ _ _ _ _ _ _ _ _ _ _ _ _ _ _ _ _ _ _ _ _ _ _ _ _ _ _ _ _ _ _ _ _ 

value = '1'

    def _integer(value: Any, *, label: str, minimum: int = 0) -> int:
        if isinstance(value, bool) or not isinstance(value, int):
>           raise ExpertManifestError(f"{label} must be an exact integer")
E           mtplx.expert_manifest.ExpertManifestError: layer_tier_map layer must be an exact integer

mtplx/expert_manifest.py:186: ExpertManifestError
_____________ test_forbidden_lanes_are_rejected[overrides3-island] _____________

tmp_path = PosixPath('/private/var/folders/rp/c6zjx06j18vgfrf_fjzt517m0000gn/T/pytest-of-davidtai/pytest-36/test_forbidden_lanes_are_rejec3')
overrides = {'island_layers': (1,)}, match = 'island'

    @pytest.mark.parametrize(
        "overrides, match",
        [
            ({"slot_layout": "direct-slots"}, "component-banks"),
            (
                {
                    "slot_layout": "metal-mmap",
                    "verify_sidecar_hash_at_open": True,
                    "prefer_sidecar": True,
                },
                "component-banks",
            ),
            ({"miss_shadow": "t158"}, "shadow"),
            ({"island_layers": (1,)}, "island"),
            ({"prefetch_slots": 1}, "prefetch"),
            ({"cache_scope": "global"}, "cache_scope"),
        ],
    )
    def test_forbidden_lanes_are_rejected(tmp_path: Path, overrides, match) -> None:
>       root, _cfg, spec, manifest_path, _mm = _assemble_mixed_artifact(tmp_path)
                                               ^^^^^^^^^^^^^^^^^^^^^^^^^^^^^^^^^^

tests/test_expert_mixofficial_serve.py:475: 
_ _ _ _ _ _ _ _ _ _ _ _ _ _ _ _ _ _ _ _ _ _ _ _ _ _ _ _ _ _ _ _ _ _ _ _ _ _ _ _ 
tests/test_expert_mixofficial_serve.py:177: in _assemble_mixed_artifact
    manifest = build_mixed_official_manifest(root, mixed_manifest, spec)
               ^^^^^^^^^^^^^^^^^^^^^^^^^^^^^^^^^^^^^^^^^^^^^^^^^^^^^^^^^
mtplx/expert_manifest.py:1706: in build_mixed_official_manifest
    layer_tier_map = _parse_mixed_layer_tier_map(quant["layer_tier_map"])
                     ^^^^^^^^^^^^^^^^^^^^^^^^^^^^^^^^^^^^^^^^^^^^^^^^^^^^
mtplx/expert_manifest.py:637: in _parse_mixed_layer_tier_map
    layer = _integer(key, label="layer_tier_map layer")
            ^^^^^^^^^^^^^^^^^^^^^^^^^^^^^^^^^^^^^^^^^^^
_ _ _ _ _ _ _ _ _ _ _ _ _ _ _ _ _ _ _ _ _ _ _ _ _ _ _ _ _ _ _ _ _ _ _ _ _ _ _ _ 

value = '1'

    def _integer(value: Any, *, label: str, minimum: int = 0) -> int:
        if isinstance(value, bool) or not isinstance(value, int):
>           raise ExpertManifestError(f"{label} must be an exact integer")
E           mtplx.expert_manifest.ExpertManifestError: layer_tier_map layer must be an exact integer

mtplx/expert_manifest.py:186: ExpertManifestError
____________ test_forbidden_lanes_are_rejected[overrides4-prefetch] ____________

tmp_path = PosixPath('/private/var/folders/rp/c6zjx06j18vgfrf_fjzt517m0000gn/T/pytest-of-davidtai/pytest-36/test_forbidden_lanes_are_rejec4')
overrides = {'prefetch_slots': 1}, match = 'prefetch'

    @pytest.mark.parametrize(
        "overrides, match",
        [
            ({"slot_layout": "direct-slots"}, "component-banks"),
            (
                {
                    "slot_layout": "metal-mmap",
                    "verify_sidecar_hash_at_open": True,
                    "prefer_sidecar": True,
                },
                "component-banks",
            ),
            ({"miss_shadow": "t158"}, "shadow"),
            ({"island_layers": (1,)}, "island"),
            ({"prefetch_slots": 1}, "prefetch"),
            ({"cache_scope": "global"}, "cache_scope"),
        ],
    )
    def test_forbidden_lanes_are_rejected(tmp_path: Path, overrides, match) -> None:
>       root, _cfg, spec, manifest_path, _mm = _assemble_mixed_artifact(tmp_path)
                                               ^^^^^^^^^^^^^^^^^^^^^^^^^^^^^^^^^^

tests/test_expert_mixofficial_serve.py:475: 
_ _ _ _ _ _ _ _ _ _ _ _ _ _ _ _ _ _ _ _ _ _ _ _ _ _ _ _ _ _ _ _ _ _ _ _ _ _ _ _ 
tests/test_expert_mixofficial_serve.py:177: in _assemble_mixed_artifact
    manifest = build_mixed_official_manifest(root, mixed_manifest, spec)
               ^^^^^^^^^^^^^^^^^^^^^^^^^^^^^^^^^^^^^^^^^^^^^^^^^^^^^^^^^
mtplx/expert_manifest.py:1706: in build_mixed_official_manifest
    layer_tier_map = _parse_mixed_layer_tier_map(quant["layer_tier_map"])
                     ^^^^^^^^^^^^^^^^^^^^^^^^^^^^^^^^^^^^^^^^^^^^^^^^^^^^
mtplx/expert_manifest.py:637: in _parse_mixed_layer_tier_map
    layer = _integer(key, label="layer_tier_map layer")
            ^^^^^^^^^^^^^^^^^^^^^^^^^^^^^^^^^^^^^^^^^^^
_ _ _ _ _ _ _ _ _ _ _ _ _ _ _ _ _ _ _ _ _ _ _ _ _ _ _ _ _ _ _ _ _ _ _ _ _ _ _ _ 

value = '1'

    def _integer(value: Any, *, label: str, minimum: int = 0) -> int:
        if isinstance(value, bool) or not isinstance(value, int):
>           raise ExpertManifestError(f"{label} must be an exact integer")
E           mtplx.expert_manifest.ExpertManifestError: layer_tier_map layer must be an exact integer

mtplx/expert_manifest.py:186: ExpertManifestError
__________ test_forbidden_lanes_are_rejected[overrides5-cache_scope] ___________

tmp_path = PosixPath('/private/var/folders/rp/c6zjx06j18vgfrf_fjzt517m0000gn/T/pytest-of-davidtai/pytest-36/test_forbidden_lanes_are_rejec5')
overrides = {'cache_scope': 'global'}, match = 'cache_scope'

    @pytest.mark.parametrize(
        "overrides, match",
        [
            ({"slot_layout": "direct-slots"}, "component-banks"),
            (
                {
                    "slot_layout": "metal-mmap",
                    "verify_sidecar_hash_at_open": True,
                    "prefer_sidecar": True,
                },
                "component-banks",
            ),
            ({"miss_shadow": "t158"}, "shadow"),
            ({"island_layers": (1,)}, "island"),
            ({"prefetch_slots": 1}, "prefetch"),
            ({"cache_scope": "global"}, "cache_scope"),
        ],
    )
    def test_forbidden_lanes_are_rejected(tmp_path: Path, overrides, match) -> None:
>       root, _cfg, spec, manifest_path, _mm = _assemble_mixed_artifact(tmp_path)
                                               ^^^^^^^^^^^^^^^^^^^^^^^^^^^^^^^^^^

tests/test_expert_mixofficial_serve.py:475: 
_ _ _ _ _ _ _ _ _ _ _ _ _ _ _ _ _ _ _ _ _ _ _ _ _ _ _ _ _ _ _ _ _ _ _ _ _ _ _ _ 
tests/test_expert_mixofficial_serve.py:177: in _assemble_mixed_artifact
    manifest = build_mixed_official_manifest(root, mixed_manifest, spec)
               ^^^^^^^^^^^^^^^^^^^^^^^^^^^^^^^^^^^^^^^^^^^^^^^^^^^^^^^^^
mtplx/expert_manifest.py:1706: in build_mixed_official_manifest
    layer_tier_map = _parse_mixed_layer_tier_map(quant["layer_tier_map"])
                     ^^^^^^^^^^^^^^^^^^^^^^^^^^^^^^^^^^^^^^^^^^^^^^^^^^^^
mtplx/expert_manifest.py:637: in _parse_mixed_layer_tier_map
    layer = _integer(key, label="layer_tier_map layer")
            ^^^^^^^^^^^^^^^^^^^^^^^^^^^^^^^^^^^^^^^^^^^
_ _ _ _ _ _ _ _ _ _ _ _ _ _ _ _ _ _ _ _ _ _ _ _ _ _ _ _ _ _ _ _ _ _ _ _ _ _ _ _ 

value = '1'

    def _integer(value: Any, *, label: str, minimum: int = 0) -> int:
        if isinstance(value, bool) or not isinstance(value, int):
>           raise ExpertManifestError(f"{label} must be an exact integer")
E           mtplx.expert_manifest.ExpertManifestError: layer_tier_map layer must be an exact integer

mtplx/expert_manifest.py:186: ExpertManifestError
_____________________ test_missing_tier_entry_fails_closed _____________________

tmp_path = PosixPath('/private/var/folders/rp/c6zjx06j18vgfrf_fjzt517m0000gn/T/pytest-of-davidtai/pytest-36/test_missing_tier_entry_fails_0')

    def test_missing_tier_entry_fails_closed(tmp_path: Path) -> None:
>       _root, _cfg, _spec, manifest_path, _mm = _assemble_mixed_artifact(tmp_path)
                                                 ^^^^^^^^^^^^^^^^^^^^^^^^^^^^^^^^^^

tests/test_expert_mixofficial_serve.py:490: 
_ _ _ _ _ _ _ _ _ _ _ _ _ _ _ _ _ _ _ _ _ _ _ _ _ _ _ _ _ _ _ _ _ _ _ _ _ _ _ _ 
tests/test_expert_mixofficial_serve.py:177: in _assemble_mixed_artifact
    manifest = build_mixed_official_manifest(root, mixed_manifest, spec)
               ^^^^^^^^^^^^^^^^^^^^^^^^^^^^^^^^^^^^^^^^^^^^^^^^^^^^^^^^^
mtplx/expert_manifest.py:1706: in build_mixed_official_manifest
    layer_tier_map = _parse_mixed_layer_tier_map(quant["layer_tier_map"])
                     ^^^^^^^^^^^^^^^^^^^^^^^^^^^^^^^^^^^^^^^^^^^^^^^^^^^^
mtplx/expert_manifest.py:637: in _parse_mixed_layer_tier_map
    layer = _integer(key, label="layer_tier_map layer")
            ^^^^^^^^^^^^^^^^^^^^^^^^^^^^^^^^^^^^^^^^^^^
_ _ _ _ _ _ _ _ _ _ _ _ _ _ _ _ _ _ _ _ _ _ _ _ _ _ _ _ _ _ _ _ _ _ _ _ _ _ _ _ 

value = '1'

    def _integer(value: Any, *, label: str, minimum: int = 0) -> int:
        if isinstance(value, bool) or not isinstance(value, int):
>           raise ExpertManifestError(f"{label} must be an exact integer")
E           mtplx.expert_manifest.ExpertManifestError: layer_tier_map layer must be an exact integer

mtplx/expert_manifest.py:186: ExpertManifestError
=============================== warnings summary ===============================
<frozen importlib._bootstrap>:488
  <frozen importlib._bootstrap>:488: DeprecationWarning: builtin type SwigPyPacked has no __module__ attribute

<frozen importlib._bootstrap>:488
  <frozen importlib._bootstrap>:488: DeprecationWarning: builtin type SwigPyObject has no __module__ attribute

-- Docs: https://docs.pytest.org/en/stable/how-to/capture-warnings.html
=========================== short test summary info ============================
FAILED tests/test_expert_mixofficial_serve.py::test_unified_manifest_carries_the_tier_schedule
FAILED tests/test_expert_mixofficial_serve.py::test_t158_layer_dispatches_shadow_gate_up_and_affine3_down
FAILED tests/test_expert_mixofficial_serve.py::test_affine2_layer_dispatches_affine2_gate_up_and_affine3_down
FAILED tests/test_expert_mixofficial_serve.py::test_switch_output_matches_dense_reference[1]
FAILED tests/test_expert_mixofficial_serve.py::test_switch_output_matches_dense_reference[2]
FAILED tests/test_expert_mixofficial_serve.py::test_full_forward_exercises_both_tiers
FAILED tests/test_expert_mixofficial_serve.py::test_memory_plan_prices_two_record_sizes
FAILED tests/test_expert_mixofficial_serve.py::test_expert_record_bytes_raises_for_mixed_spec
FAILED tests/test_expert_mixofficial_serve.py::test_forbidden_lanes_are_rejected[overrides0-component-banks]
FAILED tests/test_expert_mixofficial_serve.py::test_forbidden_lanes_are_rejected[overrides1-component-banks]
FAILED tests/test_expert_mixofficial_serve.py::test_forbidden_lanes_are_rejected[overrides2-shadow]
FAILED tests/test_expert_mixofficial_serve.py::test_forbidden_lanes_are_rejected[overrides3-island]
FAILED tests/test_expert_mixofficial_serve.py::test_forbidden_lanes_are_rejected[overrides4-prefetch]
FAILED tests/test_expert_mixofficial_serve.py::test_forbidden_lanes_are_rejected[overrides5-cache_scope]
FAILED tests/test_expert_mixofficial_serve.py::test_missing_tier_entry_fails_closed
15 failed, 2 warnings in 1.42s
sys:1: DeprecationWarning: builtin type swigvarlink has no __module__ attribute
